// Jest Snapshot v1, https://goo.gl/fbAQLP

exports[`Header should match the snapshot 1`] = `
<header
  className="header-wrapper"
>
  <h2
    className="home-h2"
  >
    Fido's Home
  </h2>
  <img
    alt="paw print"
    className="paw-logo"
    src="favicon-32x32.png"
  />
</header>
`;
