// Jest Snapshot v1, https://goo.gl/fbAQLP

exports[`PetPage should match the snapshot with all the data passed through 1`] = `
<section>
  <Header />
  <section
    className="pet-page-section"
  >
    <img
      alt="pet-profile"
      className="pet-profile-pic"
      src="verygoodboy.PNG"
    />
    <h2
      className="pet-name-h2"
    >
      Keiko
    </h2>
    <section
      className="details-attributes-section"
    >
      <ul
        className="ul"
      >
        <p
          className="ul-p"
        >
          Attributes:
        </p>
        <li
          className="li"
        >
          Breed: 
          <span
            className="span-pet-page"
          >
            Akita
          </span>
        </li>
        <li
          className="li"
        >
          Color: 
          <span
            className="span-pet-page"
          >
            White, Black, Brown
          </span>
        </li>
        <li
          className="li"
        >
          Gender: 
          <span
            className="span-pet-page"
          >
            female
          </span>
        </li>
      </ul>
      <ul
        className="ul"
      >
        <p
          className="ul-p"
        >
          Other Details:
        </p>
        <li
          className="li"
        >
          Spayed/Neutered: 
          <span
            className="span-pet-page"
          >
            true
          </span>
        </li>
        <li
          className="li"
        >
          House Trained: 
          <span
            className="span-pet-page"
          >
            true
          </span>
        </li>
        <li
          className="li"
        >
          Up-to-Date on Shots: 
          <span
            className="span-pet-page"
          >
            true
          </span>
        </li>
      </ul>
      <ul
        className="ul"
      >
        <p
          className="ul-p"
        >
          Contact:
        </p>
        <li
          className="li"
        >
          Email: 
          <span
            className="span-pet-page"
          >
            jarvisblargus@gmail.com
          </span>
        </li>
        <li
          className="li"
        >
          Phone: 
          <span
            className="span-pet-page"
          >
            773-312-9456
          </span>
        </li>
        <li
          className="li"
        >
          Address: 
          <span
            className="span-pet-page"
          >
            All Dogs Go to Heaven Ct. Big Sky, IL 60614
          </span>
        </li>
      </ul>
    </section>
  </section>
</section>
`;
